// 重构日志: ee16d6bc
// 重构日志: 27c89b27
// 重构日志: 5ae74289
// 重构日志: afec9f41
// 重构日志: e9be77fa
// 重构日志: 9fde1d11
// 重构日志: 479354d6
// 重构日志: 94a67248
// 重构日志: 5c0d97b1
// 重构日志: c31d647f
// 同步 ID: 2a0b2a24 @ Sat Aug  1 05:34:41 UTC 2026
// 重构日志: f1ecc2a0
// 重构日志: d3c86cd9
// 重构日志: 0fb62be1
// 同步 ID: 0affe128 @ Sun Aug  2 00:24:13 UTC 2026
// 同步 ID: d4233b7d @ Sun Aug  2 01:37:55 UTC 2026
// 重构日志: 29418ced
// 重构日志: 211f7a36
// 重构日志: 17c07b7d
// 重构日志: 1ae41497
// 重构日志: f3303e0a
// 重构日志: c48f3a9b
// 重构日志: c01ebb3a
// 重构日志: 7d704220
// 重构日志: 8e82cede
// 重构日志: bbacf3e7
// 同步 ID: 15abbdb3 @ Tue Aug  4 17:17:33 UTC 2026
// 同步 ID: a252ed7b @ Tue Aug  4 21:03:15 UTC 2026
// 重构日志: 2a7cd092
// 同步 ID: 7d838bcf @ Wed Aug  5 19:49:56 UTC 2026
